Error: L0: 
L1: ret to deadbeef:8: Empty stack
L2: ret to 0xdeadbeef:0: Empty stack
