(L2
 ((sp_num 32) (fp_num 40)
  (funcs
   (((nameo (main)) (entry (4195456 0)) (boundaries ((4195456 0)))
     (sp_boundary (-12 8)) (sp_diff 8)
     (blocks
      (((fLoc (4195456 0)) (loc (4195456 0))
        (body
         (((ins
            (third
             ((expr
               (Avar (Register ((id (Register 40)) (offset 0) (width 8)))))
              (output ((id (Unique 61440)) (offset 0) (width 8))))))
           (loc (4195456 0)) (mnem PUSH))
          ((ins
            (third
             ((expr
               (Abop
                (Bint_sub
                 (Register ((id (Register 32)) (offset 0) (width 8)))
                 (Const ((value 8) (width 8))))))
              (output ((id (Register 32)) (offset 0) (width 8))))))
           (loc (4195456 1)) (mnem PUSH))
          ((ins
            (second
             (Sstore (offset -8)
              (value (Register ((id (Unique 61440)) (offset 0) (width 8)))))))
           (loc (4195456 2)) (mnem PUSH))
          ((ins
            (third
             ((expr
               (Avar (Register ((id (Register 32)) (offset 0) (width 8)))))
              (output ((id (Register 40)) (offset 0) (width 8))))))
           (loc (4195457 0)) (mnem MOV))
          ((ins
            (third
             ((expr
               (Abop
                (Bint_add
                 (Register ((id (Register 40)) (offset 0) (width 8)))
                 (Const ((value -4) (width 8))))))
              (output ((id (Unique 12544)) (offset 0) (width 8))))))
           (loc (4195460 0)) (mnem MOV))
          ((ins
            (third
             ((expr (Avar (Const ((value 0) (width 4)))))
              (output ((id (Unique 22528)) (offset 0) (width 4))))))
           (loc (4195460 1)) (mnem MOV))
          ((ins
            (second
             (Sstore (offset -12)
              (value (Register ((id (Unique 22528)) (offset 0) (width 4)))))))
           (loc (4195460 2)) (mnem MOV))
          ((ins
            (third
             ((expr (Avar (Const ((value 0) (width 1)))))
              (output ((id (Register 512)) (offset 0) (width 1))))))
           (loc (4195467 0)) (mnem XOR))
          ((ins
            (third
             ((expr (Avar (Const ((value 0) (width 1)))))
              (output ((id (Register 523)) (offset 0) (width 1))))))
           (loc (4195467 1)) (mnem XOR))
          ((ins
            (third
             ((expr
               (Abop
                (Bint_xor (Register ((id (Register 0)) (offset 0) (width 4)))
                 (Register ((id (Register 0)) (offset 0) (width 4))))))
              (output ((id (Register 0)) (offset 0) (width 4))))))
           (loc (4195467 2)) (mnem XOR))
          ((ins
            (third
             ((expr
               (Auop
                (Uint_zext
                 (Register ((id (Register 0)) (offset 0) (width 4))))))
              (output ((id (Register 0)) (offset 0) (width 8))))))
           (loc (4195467 3)) (mnem XOR))
          ((ins
            (third
             ((expr
               (Abop
                (Bint_sless
                 (Register ((id (Register 0)) (offset 0) (width 4)))
                 (Const ((value 0) (width 4))))))
              (output ((id (Register 519)) (offset 0) (width 1))))))
           (loc (4195467 4)) (mnem XOR))
          ((ins
            (third
             ((expr
               (Abop
                (Bint_equal
                 (Register ((id (Register 0)) (offset 0) (width 4)))
                 (Const ((value 0) (width 4))))))
              (output ((id (Register 518)) (offset 0) (width 1))))))
           (loc (4195467 5)) (mnem XOR))
          ((ins
            (third
             ((expr
               (Abop
                (Bint_and (Register ((id (Register 0)) (offset 0) (width 4)))
                 (Const ((value 255) (width 4))))))
              (output ((id (Unique 78976)) (offset 0) (width 4))))))
           (loc (4195467 6)) (mnem XOR))
          ((ins
            (third
             ((expr
               (Auop
                (Upopcount
                 (Register ((id (Unique 78976)) (offset 0) (width 4))))))
              (output ((id (Unique 79104)) (offset 0) (width 1))))))
           (loc (4195467 7)) (mnem XOR))
          ((ins
            (third
             ((expr
               (Abop
                (Bint_and
                 (Register ((id (Unique 79104)) (offset 0) (width 1)))
                 (Const ((value 1) (width 1))))))
              (output ((id (Unique 79232)) (offset 0) (width 1))))))
           (loc (4195467 8)) (mnem XOR))
          ((ins
            (third
             ((expr
               (Abop
                (Bint_equal
                 (Register ((id (Unique 79232)) (offset 0) (width 1)))
                 (Const ((value 0) (width 1))))))
              (output ((id (Register 514)) (offset 0) (width 1))))))
           (loc (4195467 9)) (mnem XOR))
          ((ins
            (third
             ((expr
               (Avar (Register ((id (Register 0)) (offset 0) (width 1)))))
              (output ((id (Register 8)) (offset 0) (width 1))))))
           (loc (4195469 0)) (mnem MOV))
          ((ins
            (third
             ((expr (Avar (Const ((value 0) (width 1)))))
              (output ((id (Register 512)) (offset 0) (width 1))))))
           (loc (4195471 0)) (mnem TEST))
          ((ins
            (third
             ((expr (Avar (Const ((value 0) (width 1)))))
              (output ((id (Register 523)) (offset 0) (width 1))))))
           (loc (4195471 1)) (mnem TEST))
          ((ins
            (third
             ((expr
               (Abop
                (Bint_and (Register ((id (Register 8)) (offset 0) (width 1)))
                 (Const ((value 1) (width 1))))))
              (output ((id (Unique 352128)) (offset 0) (width 1))))))
           (loc (4195471 2)) (mnem TEST))
          ((ins
            (third
             ((expr
               (Abop
                (Bint_sless
                 (Register ((id (Unique 352128)) (offset 0) (width 1)))
                 (Const ((value 0) (width 1))))))
              (output ((id (Register 519)) (offset 0) (width 1))))))
           (loc (4195471 3)) (mnem TEST))
          ((ins
            (third
             ((expr
               (Abop
                (Bint_equal
                 (Register ((id (Unique 352128)) (offset 0) (width 1)))
                 (Const ((value 0) (width 1))))))
              (output ((id (Register 518)) (offset 0) (width 1))))))
           (loc (4195471 4)) (mnem TEST))
          ((ins
            (third
             ((expr
               (Abop
                (Bint_and
                 (Register ((id (Unique 352128)) (offset 0) (width 1)))
                 (Const ((value 255) (width 1))))))
              (output ((id (Unique 78976)) (offset 0) (width 1))))))
           (loc (4195471 5)) (mnem TEST))
          ((ins
            (third
             ((expr
               (Auop
                (Upopcount
                 (Register ((id (Unique 78976)) (offset 0) (width 1))))))
              (output ((id (Unique 79104)) (offset 0) (width 1))))))
           (loc (4195471 6)) (mnem TEST))
          ((ins
            (third
             ((expr
               (Abop
                (Bint_and
                 (Register ((id (Unique 79104)) (offset 0) (width 1)))
                 (Const ((value 1) (width 1))))))
              (output ((id (Unique 79232)) (offset 0) (width 1))))))
           (loc (4195471 7)) (mnem TEST))
          ((ins
            (third
             ((expr
               (Abop
                (Bint_equal
                 (Register ((id (Unique 79232)) (offset 0) (width 1)))
                 (Const ((value 0) (width 1))))))
              (output ((id (Register 514)) (offset 0) (width 1))))))
           (loc (4195471 8)) (mnem TEST))
          ((ins
            (third
             ((expr
               (Auop
                (Ubool_negate
                 (Register ((id (Register 518)) (offset 0) (width 1))))))
              (output ((id (Unique 52224)) (offset 0) (width 1))))))
           (loc (4195474 0)) (mnem JNZ))
          ((ins (fourth INop)) (loc (4195474 1)) (mnem JNZ))))
        (jmp
         ((jmp
           (JI
            (Jcbranch
             (condition
              (Register ((id (Unique 52224)) (offset 0) (width 1))))
             (target_true (4195485 0)) (target_false (4195480 0)))))
          (loc (4195474 1)) (mnem JNZ))))
       ((fLoc (4195456 0)) (loc (4195480 0))
        (body
         (((ins (fourth INop)) (loc (4195480 0)) (mnem JMP))
          ((ins
            (third
             ((expr
               (Abop
                (Bint_add
                 (Register ((id (Register 40)) (offset 0) (width 8)))
                 (Const ((value -4) (width 8))))))
              (output ((id (Unique 12544)) (offset 0) (width 8))))))
           (loc (4195497 0)) (mnem MOV))
          ((ins
            (third
             ((expr (Avar (Const ((value 1) (width 4)))))
              (output ((id (Unique 22528)) (offset 0) (width 4))))))
           (loc (4195497 1)) (mnem MOV))
          ((ins
            (second
             (Sstore (offset -12)
              (value (Register ((id (Unique 22528)) (offset 0) (width 4)))))))
           (loc (4195497 2)) (mnem MOV))))
        (jmp
         ((jmp (JI (Jfallthrough (4195504 0)))) (loc (4195497 2)) (mnem MOV))))
       ((fLoc (4195456 0)) (loc (4195485 0))
        (body
         (((ins
            (third
             ((expr
               (Abop
                (Bint_add
                 (Register ((id (Register 40)) (offset 0) (width 8)))
                 (Const ((value -4) (width 8))))))
              (output ((id (Unique 12544)) (offset 0) (width 8))))))
           (loc (4195485 0)) (mnem MOV))
          ((ins
            (third
             ((expr (Avar (Const ((value 0) (width 4)))))
              (output ((id (Unique 22528)) (offset 0) (width 4))))))
           (loc (4195485 1)) (mnem MOV))
          ((ins
            (second
             (Sstore (offset -12)
              (value (Register ((id (Unique 22528)) (offset 0) (width 4)))))))
           (loc (4195485 2)) (mnem MOV))
          ((ins (fourth INop)) (loc (4195492 0)) (mnem JMP))))
        (jmp ((jmp (JI (Jjump (4195504 0)))) (loc (4195492 0)) (mnem JMP))))
       ((fLoc (4195456 0)) (loc (4195504 0))
        (body
         (((ins
            (third
             ((expr
               (Abop
                (Bint_add
                 (Register ((id (Register 40)) (offset 0) (width 8)))
                 (Const ((value -4) (width 8))))))
              (output ((id (Unique 12544)) (offset 0) (width 8))))))
           (loc (4195504 0)) (mnem MOV))
          ((ins
            (second
             (Sload (offset -12)
              (output ((id (Unique 49664)) (offset 0) (width 4))))))
           (loc (4195504 1)) (mnem MOV))
          ((ins
            (third
             ((expr
               (Avar (Register ((id (Unique 49664)) (offset 0) (width 4)))))
              (output ((id (Register 0)) (offset 0) (width 4))))))
           (loc (4195504 2)) (mnem MOV))
          ((ins
            (third
             ((expr
               (Auop
                (Uint_zext
                 (Register ((id (Register 0)) (offset 0) (width 4))))))
              (output ((id (Register 0)) (offset 0) (width 8))))))
           (loc (4195504 3)) (mnem MOV))
          ((ins
            (third
             ((expr (Avar (Const ((value 0) (width 8)))))
              (output ((id (Unique 246656)) (offset 0) (width 8))))))
           (loc (4195507 0)) (mnem POP))
          ((ins
            (second
             (Sload (offset -8)
              (output ((id (Unique 246656)) (offset 0) (width 8))))))
           (loc (4195507 1)) (mnem POP))
          ((ins
            (third
             ((expr
               (Abop
                (Bint_add
                 (Register ((id (Register 32)) (offset 0) (width 8)))
                 (Const ((value 8) (width 8))))))
              (output ((id (Register 32)) (offset 0) (width 8))))))
           (loc (4195507 2)) (mnem POP))
          ((ins
            (third
             ((expr
               (Avar (Register ((id (Unique 246656)) (offset 0) (width 8)))))
              (output ((id (Register 40)) (offset 0) (width 8))))))
           (loc (4195507 3)) (mnem POP))
          ((ins
            (second
             (Sload (offset 0)
              (output ((id (Register 648)) (offset 0) (width 8))))))
           (loc (4195508 0)) (mnem RET))
          ((ins
            (third
             ((expr
               (Abop
                (Bint_add
                 (Register ((id (Register 32)) (offset 0) (width 8)))
                 (Const ((value 8) (width 8))))))
              (output ((id (Register 32)) (offset 0) (width 8))))))
           (loc (4195508 1)) (mnem RET))
          ((ins (fourth INop)) (loc (4195508 2)) (mnem RET))))
        (jmp ((jmp (JR ((attr ())))) (loc (4195508 2)) (mnem RET)))))))))
  (rom
   (((start 4194304) (size 568)
     (bytes
      "\127ELF\002\001\001\000\000\000\000\000\000\000\000\000\002\000>\000\001\000\000\000\144\003@\000\000\000\000\000@\000\000\000\000\000\000\000\128\024\000\000\000\000\000\000\000\000\000\000@\0008\000\t\000@\000\026\000\025\000\006\000\000\000\004\000\000\000@\000\000\000\000\000\000\000@\000@\000\000\000\000\000@\000@\000\000\000\000\000\248\001\000\000\000\000\000\000\248\001\000\000\000\000\000\000\b\000\000\000\000\000\000\000\003\000\000\000\004\000\000\0008\002\000\000\000\000\000\0008\002@\000\000\000\000\0008\002@\000\000\000\000\000\028\000\000\000\000\000\000\000\028\000\000\000\000\000\000\000\001\000\000\000\000\000\000\000\001\000\000\000\005\000\000\000\000\000\000\000\000\000\000\000\000\000@\000\000\000\000\000\000\000@\000\000\000\000\000P\006\000\000\000\000\000\000P\006\000\000\000\000\000\000\000\000 \000\000\000\000\000\001\000\000\000\006\000\000\000P\014\000\000\000\000\000\000P\014`\000\000\000\000\000P\014`\000\000\000\000\000\216\001\000\000\000\000\000\000\224\001\000\000\000\000\000\000\000\000 \000\000\000\000\000\002\000\000\000\006\000\000\000`\014\000\000\000\000\000\000`\014`\000\000\000\000\000`\014`\000\000\000\000\000\144\001\000\000\000\000\000\000\144\001\000\000\000\000\000\000\b\000\000\000\000\000\000\000\004\000\000\000\004\000\000\000T\002\000\000\000\000\000\000T\002@\000\000\000\000\000T\002@\000\000\000\000\000 \000\000\000\000\000\000\000 \000\000\000\000\000\000\000\004\000\000\000\000\000\000\000P\229td\004\000\000\000D\005\000\000\000\000\000\000D\005@\000\000\000\000\000D\005@\000\000\000\000\0004\000\000\000\000\000\000\0004\000\000\000\000\000\000\000\004\000\000\000\000\000\000\000Q\229td\006\000\000\000\000\000\000\000\000\000\000\000\000\000\000\000\000\000\000\000\000\000\000\000\000\000\000\000\000\000\000\000\000\000\000\000\000\000\000\000\000\000\000\000\016\000\000\000\000\000\000\000R\229td\004\000\000\000P\014\000\000\000\000\000\000P\014`\000\000\000\000\000P\014`\000\000\000\000\000\176\001\000\000\000\000\000\000\176\001\000\000\000\000\000\000\001\000\000\000\000\000\000\000"))
    ((start 4194872) (size 28) (bytes "/lib64/ld-linux-x86-64.so.2\000"))
    ((start 4194900) (size 32)
     (bytes
      "\004\000\000\000\016\000\000\000\001\000\000\000GNU\000\000\000\000\000\003\000\000\000\002\000\000\000\000\000\000\000"))
    ((start 4194936) (size 28)
     (bytes
      "\001\000\000\000\001\000\000\000\001\000\000\000\000\000\000\000\000\000\000\000\000\000\000\000\000\000\000\000"))
    ((start 4194968) (size 72)
     (bytes
      "\000\000\000\000\000\000\000\000\000\000\000\000\000\000\000\000\000\000\000\000\000\000\000\000\011\000\000\000\018\000\000\000\000\000\000\000\000\000\000\000\000\000\000\000\000\000\000\000)\000\000\000 \000\000\000\000\000\000\000\000\000\000\000\000\000\000\000\000\000\000\000"))
    ((start 4195040) (size 56)
     (bytes
      "\000libc.so.6\000__libc_start_main\000GLIBC_2.2.5\000__gmon_start__\000"))
    ((start 4195096) (size 6) (bytes "\000\000\002\000\000\000"))
    ((start 4195104) (size 32)
     (bytes
      "\001\000\001\000\001\000\000\000\016\000\000\000\000\000\000\000u\026i\t\000\000\002\000\029\000\000\000\000\000\000\000"))
    ((start 4195136) (size 48)
     (bytes
      "\240\015`\000\000\000\000\000\006\000\000\000\001\000\000\000\000\000\000\000\000\000\000\000\248\015`\000\000\000\000\000\006\000\000\000\002\000\000\000\000\000\000\000\000\000\000\000"))
    ((start 4195184) (size 23)
     (bytes
      "H\131\236\bH\139\005}\012 \000H\133\192t\002\255\208H\131\196\b\195"))
    ((start 4195216) (size 418)
     (bytes
      "1\237I\137\209^H\137\226H\131\228\240PTI\199\1920\005@\000H\199\193\192\004@\000H\199\199\128\004@\000\255\0216\012 \000\244\015\031D\000\000\243\195f.\015\031\132\000\000\000\000\000\015\031@\000\184(\016`\000H=(\016`\000t\019\184\000\000\000\000H\133\192t\t\191(\016`\000\255\224f\144\195\015\031D\000\000f.\015\031\132\000\000\000\000\000\190(\016`\000H\129\238(\016`\000H\137\240H\193\238?H\193\248\003H\001\198H\209\254t\017\184\000\000\000\000H\133\192t\007\191(\016`\000\255\224\195\015\031D\000\000f.\015\031\132\000\000\000\000\000\128=\225\011 \000\000u\023UH\137\229\232~\255\255\255\198\005\207\011 \000\001]\195\015\031D\000\000\195\015\031D\000\000f.\015\031\132\000\000\000\000\000\235\142f.\015\031\132\000\000\000\000\000\015\031@\000UH\137\229\199E\252\000\000\000\0001\192\136\193\246\193\001\015\133\005\000\000\000\233\012\000\000\000\199E\252\000\000\000\000\233\007\000\000\000\199E\252\001\000\000\000\139E\252]\195f.\015\031\132\000\000\000\000\000\144AWAVI\137\215AUATL\141%~\t \000UH\141-~\t \000SA\137\253I\137\246L)\229H\131\236\bH\193\253\003\232\127\254\255\255H\133\237t 1\219\015\031\132\000\000\000\000\000L\137\250L\137\246D\137\239A\255\020\220H\131\195\001H9\221u\234H\131\196\b[]A\\A]A^A_\195\144f.\015\031\132\000\000\000\000\000\243\195"))
    ((start 4195636) (size 9) (bytes "H\131\236\bH\131\196\b\195"))
    ((start 4195648) (size 4) (bytes "\001\000\002\000"))
    ((start 4195652) (size 52)
     (bytes
      "\001\027\003;0\000\000\000\005\000\000\000L\254\255\255L\000\000\000|\254\255\255x\000\000\000<\255\255\255\140\000\000\000|\255\255\255\172\000\000\000\236\255\255\255\244\000\000\000"))
    ((start 4195704) (size 216)
     (bytes
      "\020\000\000\000\000\000\000\000\001zR\000\001x\016\001\027\012\007\b\144\001\007\016\016\000\000\000\028\000\000\000\248\253\255\255+\000\000\000\000\000\000\000\020\000\000\000\000\000\000\000\001zR\000\001x\016\001\027\012\007\b\144\001\000\000\016\000\000\000\028\000\000\000\252\253\255\255\002\000\000\000\000\000\000\000\028\000\000\0000\000\000\000\168\254\255\2555\000\000\000\000A\014\016\134\002C\r\006\000\000\000\000\000\000\000D\000\000\000P\000\000\000\200\254\255\255e\000\000\000\000B\014\016\143\002B\014\024\142\003E\014 \141\004B\014(\140\005H\0140\134\006H\0148\131\007M\014@r\0148A\0140A\014(B\014 B\014\024B\014\016B\014\b\000\016\000\000\000\152\000\000\000\240\254\255\255\002\000\000\000\000\000\000\000\000\000\000\000"))
    ((start 6295120) (size 8) (bytes "p\004@\000\000\000\000\000"))
    ((start 6295128) (size 8) (bytes "@\004@\000\000\000\000\000"))
    ((start 6295136) (size 400)
     (bytes
       "\001\000\000\000\000\000\000\000\001\000\000\000\000\000\000\000\012\000\000\000\000\000\000\000p\003@\000\000\000\000\000\r\000\000\000\000\000\000\0004\005@\000\000\000\000\000\025\000\000\000\000\000\000\000P\014`\000\000\000\000\000\027\000\000\000\000\000\000\000\b\000\000\000\000\000\000\000\026\000\000\000\000\000\000\000X\014`\000\000\000\000\000\028\000\000\000\000\000\000\000\b\000\000\000\000\000\000\000\245\254\255o\000\000\000\000x\002@\000\000\000\000\000\005\000\000\000\000\000\000\000\224\002@\000\000\000\000\000\006\000\000\000\000\000\000\000\152\002@\000\000\000\000\000\
      \n\000\000\000\000\000\000\0008\000\000\000\000\000\000\000\011\000\000\000\000\000\000\000\024\000\000\000\000\000\000\000\021\000\000\000\000\000\000\000\000\000\000\000\000\000\000\000\007\000\000\000\000\000\000\000@\003@\000\000\000\000\000\b\000\000\000\000\000\000\0000\000\000\000\000\000\000\000\t\000\000\000\000\000\000\000\024\000\000\000\000\000\000\000\254\255\255o\000\000\000\000 \003@\000\000\000\000\000\255\255\255o\000\000\000\000\001\000\000\000\000\000\000\000\240\255\255o\000\000\000\000\024\003@\000\000\000\000\000\000\000\000\000\000\000\000\000\000\000\000\000\000\000\000\000\000\000\000\000\000\000\000\000\000\000\000\000\000\000\000\000\000\000\000\000\000\000\000\000\000\000\000\000\000\000\000\000\000\000\000\000\000\000\000\000\000\000\000\000\000\000\000\000\000\000\000\000\000\000\000\000\000\000\000\000\000\000\000\000\000\000\000\000\000\000\000\000\000\000\000\000\000\000\000\000"))
    ((start 6295536) (size 16)
     (bytes "\000 `\000\000\000\000\000\b `\000\000\000\000\000"))
    ((start 6295552) (size 24)
     (bytes
      "`\014`\000\000\000\000\000\000\000\000\000\000\000\000\000\000\000\000\000\000\000\000\000"))
    ((start 6295576) (size 16)
     (bytes
      "\000\000\000\000\000\000\000\000\000\000\000\000\000\000\000\000"))))
  (rspec
   ((0 8) (8 8) (16 8) (24 8) (32 8) (40 8) (48 8) (56 8) (128 8) (136 8)
    (144 8) (152 8) (160 8) (168 8) (176 8) (184 8) (256 2) (258 2) (260 2)
    (262 2) (264 2) (266 2) (272 8) (280 8) (512 1) (513 1) (514 1) (515 1)
    (516 1) (517 1) (518 1) (519 1) (520 1) (521 1) (522 1) (523 1) (524 1)
    (525 1) (526 1) (527 1) (528 1) (529 1) (530 1) (531 1) (532 1) (640 8)
    (648 8) (768 8) (776 8) (784 8) (792 8) (800 8) (808 8) (816 8) (824 8)
    (832 8) (840 8) (848 8) (856 8) (864 8) (872 8) (880 8) (888 8) (896 8)
    (904 8) (912 8) (920 8) (928 8) (936 8) (944 8) (952 8) (960 8) (968 8)
    (976 8) (984 8) (992 8) (1000 8) (1008 8) (1016 8) (1536 8) (1792 8)
    (1800 8) (1808 8) (1856 16) (1872 16) (1888 16) (1904 16) (1984 8)
    (1992 8) (2000 8) (2008 8) (4240 1) (4241 1) (4242 1) (4243 1) (4244 4)
    (4256 2) (4258 2) (4260 2) (4262 2) (4264 8) (4272 8) (4296 2) (4298 2)
    (4352 10) (4368 10) (4384 10) (4400 10) (4416 10) (4432 10) (4448 10)
    (4464 10) (4608 32) (4640 32) (4672 32) (4704 32) (4736 32) (4768 32)
    (4800 32) (4832 32) (4864 32) (4896 32) (4928 32) (4960 32) (4992 32)
    (5024 32) (5056 32) (5088 32) (5120 16) (5136 16) (8192 8) (8704 12)
    (8736 12) (8768 14) (8800 14)))
  (externs ((6299648 __libc_start_main)))))