PUSH RBP
MOV RBP,RSP
SUB RSP,0x10
MOV EAX,dword ptr [RBP + -0x4]
MOV ESI,EAX
NOP
LEAVE
RET
