0x400cd0:0: $Uf000(0:8) = $40(0:8); [PUSH]
0x400cd0:1: $32(0:8) = $32(0:8) - 8:8; [PUSH]
0x400cd0:2: *[3:8]$32(0:8) = $Uf000(0:8); [PUSH]
0x400cd1:0: $40(0:8) = $32(0:8); [MOV]
0x400cd4:0: $512(0:1) = $32(0:8) < 10:8; [SUB]
0x400cd4:1: $523(0:1) = sborrow($32(0:8), 10:8); [SUB]
0x400cd4:2: $32(0:8) = $32(0:8) - 10:8; [SUB]
0x400cd4:3: $519(0:1) = $32(0:8) s< 0:8; [SUB]
0x400cd4:4: $518(0:1) = $32(0:8) == 0:8; [SUB]
0x400cd4:5: $U13480(0:8) = $32(0:8) & ff:8; [SUB]
0x400cd4:6: $U13500(0:1) = popcount($U13480(0:8)); [SUB]
0x400cd4:7: $U13580(0:1) = $U13500(0:1) & 1:1; [SUB]
0x400cd4:8: $514(0:1) = $U13580(0:1) == 0:1; [SUB]
0x400cd8:0: $48(0:4) = $0(0:4); [MOV]
0x400cd8:1: $48(0:8) = zext($48(0:4)); [MOV]
0x400cda:0: $0(0:8) = 0:8; [MOV]
0x400cdf:0: nop; [NOP]
0x400ce0:0: $32(0:8) = $40(0:8); [LEAVE]
0x400ce0:1: $40(0:8) = *[3:8]$32(0:8); [LEAVE]
0x400ce0:2: $32(0:8) = $32(0:8) + 8:8; [LEAVE]
0x400ce1:0: $648(0:8) = *[3:8]$32(0:8); [RET]
0x400ce1:1: $32(0:8) = $32(0:8) + 8:8; [RET]
0x400ce1:2: goto *$648(0:8); [RET]
