0x400cd0:0: $Uf000(0:8) = $40(0:8); [PUSH]
0x400cd0:1: $32(0:8) = $32(0:8) - 8:8; [PUSH]
0x400cd0:2: *[3:8]$32(0:8) = $Uf000(0:8); [PUSH]
0x400cd1:0: $40(0:8) = $32(0:8); [MOV]
0x400cd4:0: $512(0:1) = $32(0:8) < 10:8; [SUB]
0x400cd4:1: $523(0:1) = sborrow($32(0:8), 10:8); [SUB]
0x400cd4:2: $32(0:8) = $32(0:8) - 10:8; [SUB]
0x400cd4:3: $519(0:1) = $32(0:8) s< 0:8; [SUB]
0x400cd4:4: $518(0:1) = $32(0:8) == 0:8; [SUB]
0x400cd4:5: $U13480(0:8) = $32(0:8) & ff:8; [SUB]
0x400cd4:6: $U13500(0:1) = popcount($U13480(0:8)); [SUB]
0x400cd4:7: $U13580(0:1) = $U13500(0:1) & 1:1; [SUB]
0x400cd4:8: $514(0:1) = $U13580(0:1) == 0:1; [SUB]
0x400cd8:0: $56(0:8) = 1:8; [MOV]
0x400cdd:0: $48(0:8) = 400f46:8; [MOV]
0x400ce7:0: $0(0:8) = 1f:8; [MOV]
0x400cec:0: $16(0:4) = $0(0:4); [MOV]
0x400cec:1: $16(0:8) = zext($16(0:4)); [MOV]
0x400cee:0: $U3100(0:8) = $40(0:8) + fffffffffffffffc:8; [MOV]
0x400cee:1: $U5800(0:4) = 0:4; [MOV]
0x400cee:2: *[3:8]$U3100(0:8) = $U5800(0:4); [MOV]
0x400cf5:0: $32(0:8) = $32(0:8) - 8:8; [CALL]
0x400cf5:1: *[3:8]$32(0:8) = 400cfa:8; [CALL]
0x400cf5:2: goto 0x400550:0; [CALL]
0x400cfa:0: $U25a00(0:4) = $0(0:4); [CMP]
0x400cfa:1: $512(0:1) = $U25a00(0:4) < 0:4; [CMP]
0x400cfa:2: $523(0:1) = sborrow($U25a00(0:4), 0:4); [CMP]
0x400cfa:3: $U25b00(0:4) = $U25a00(0:4) - 0:4; [CMP]
0x400cfa:4: $519(0:1) = $U25b00(0:4) s< 0:4; [CMP]
0x400cfa:5: $518(0:1) = $U25b00(0:4) == 0:4; [CMP]
0x400cfa:6: $U13480(0:4) = $U25b00(0:4) & ff:4; [CMP]
0x400cfa:7: $U13500(0:1) = popcount($U13480(0:4)); [CMP]
0x400cfa:8: $U13580(0:1) = $U13500(0:1) & 1:1; [CMP]
0x400cfa:9: $514(0:1) = $U13580(0:1) == 0:1; [CMP]
0x400cfd:0: if $518(0:1) goto 0x400d0a:0; [JZ]
0x400d03:0: $512(0:1) = 0:1; [XOR]
0x400d03:1: $523(0:1) = 0:1; [XOR]
0x400d03:2: $56(0:4) = $56(0:4) ^ $56(0:4); [XOR]
0x400d03:3: $56(0:8) = zext($56(0:4)); [XOR]
0x400d03:4: $519(0:1) = $56(0:4) s< 0:4; [XOR]
0x400d03:5: $518(0:1) = $56(0:4) == 0:4; [XOR]
0x400d03:6: $U13480(0:4) = $56(0:4) & ff:4; [XOR]
0x400d03:7: $U13500(0:1) = popcount($U13480(0:4)); [XOR]
0x400d03:8: $U13580(0:1) = $U13500(0:1) & 1:1; [XOR]
0x400d03:9: $514(0:1) = $U13580(0:1) == 0:1; [XOR]
0x400d05:0: $32(0:8) = $32(0:8) - 8:8; [CALL]
0x400d05:1: *[3:8]$32(0:8) = 400d0a:8; [CALL]
0x400d05:2: goto 0x400540:0; [CALL]
0x400d0a:0: goto 0x400d0f:0; [JMP]
0x400d0f:0: $56(0:8) = 1:8; [MOV]
0x400d14:0: $48(0:8) = 400f66:8; [MOV]
0x400d1e:0: $0(0:8) = 25:8; [MOV]
0x400d23:0: $16(0:4) = $0(0:4); [MOV]
0x400d23:1: $16(0:8) = zext($16(0:4)); [MOV]
0x400d25:0: $32(0:8) = $32(0:8) - 8:8; [CALL]
0x400d25:1: *[3:8]$32(0:8) = 400d2a:8; [CALL]
0x400d25:2: goto 0x400550:0; [CALL]
0x400d2a:0: $U25a00(0:4) = $0(0:4); [CMP]
0x400d2a:1: $512(0:1) = $U25a00(0:4) < 0:4; [CMP]
0x400d2a:2: $523(0:1) = sborrow($U25a00(0:4), 0:4); [CMP]
0x400d2a:3: $U25b00(0:4) = $U25a00(0:4) - 0:4; [CMP]
0x400d2a:4: $519(0:1) = $U25b00(0:4) s< 0:4; [CMP]
0x400d2a:5: $518(0:1) = $U25b00(0:4) == 0:4; [CMP]
0x400d2a:6: $U13480(0:4) = $U25b00(0:4) & ff:4; [CMP]
0x400d2a:7: $U13500(0:1) = popcount($U13480(0:4)); [CMP]
0x400d2a:8: $U13580(0:1) = $U13500(0:1) & 1:1; [CMP]
0x400d2a:9: $514(0:1) = $U13580(0:1) == 0:1; [CMP]
0x400d2d:0: if $518(0:1) goto 0x400d3a:0; [JZ]
0x400d33:0: $512(0:1) = 0:1; [XOR]
0x400d33:1: $523(0:1) = 0:1; [XOR]
0x400d33:2: $56(0:4) = $56(0:4) ^ $56(0:4); [XOR]
0x400d33:3: $56(0:8) = zext($56(0:4)); [XOR]
0x400d33:4: $519(0:1) = $56(0:4) s< 0:4; [XOR]
0x400d33:5: $518(0:1) = $56(0:4) == 0:4; [XOR]
0x400d33:6: $U13480(0:4) = $56(0:4) & ff:4; [XOR]
0x400d33:7: $U13500(0:1) = popcount($U13480(0:4)); [XOR]
0x400d33:8: $U13580(0:1) = $U13500(0:1) & 1:1; [XOR]
0x400d33:9: $514(0:1) = $U13580(0:1) == 0:1; [XOR]
0x400d35:0: $32(0:8) = $32(0:8) - 8:8; [CALL]
0x400d35:1: *[3:8]$32(0:8) = 400d3a:8; [CALL]
0x400d35:2: goto 0x400540:0; [CALL]
0x400d3a:0: $32(0:8) = $32(0:8) - 8:8; [CALL]
0x400d3a:1: *[3:8]$32(0:8) = 400d3f:8; [CALL]
0x400d3a:2: goto 0x400dd0:0; [CALL]
0x400d3f:0: $U3100(0:8) = $40(0:8) + fffffffffffffff8:8; [MOV]
0x400d3f:1: $U5480(0:4) = $0(0:4); [MOV]
0x400d3f:2: *[3:8]$U3100(0:8) = $U5480(0:4); [MOV]
0x400d42:0: $U3100(0:8) = $40(0:8) + fffffffffffffff8:8; [CMP]
0x400d42:1: $Uc280(0:4) = *[3:8]$U3100(0:8); [CMP]
0x400d42:2: $U25a00(0:4) = $Uc280(0:4); [CMP]
0x400d42:3: $512(0:1) = $U25a00(0:4) < ffffffffffffffff:4; [CMP]
0x400d42:4: $523(0:1) = sborrow($U25a00(0:4), ffffffffffffffff:4); [CMP]
0x400d42:5: $U25b00(0:4) = $U25a00(0:4) - ffffffffffffffff:4; [CMP]
0x400d42:6: $519(0:1) = $U25b00(0:4) s< 0:4; [CMP]
0x400d42:7: $518(0:1) = $U25b00(0:4) == 0:4; [CMP]
0x400d42:8: $U13480(0:4) = $U25b00(0:4) & ff:4; [CMP]
0x400d42:9: $U13500(0:1) = popcount($U13480(0:4)); [CMP]
0x400d42:10: $U13580(0:1) = $U13500(0:1) & 1:1; [CMP]
0x400d42:11: $514(0:1) = $U13580(0:1) == 0:1; [CMP]
0x400d46:0: $Ucc00(0:1) = !$518(0:1); [JNZ]
0x400d46:1: if $Ucc00(0:1) goto 0x400d51:0; [JNZ]
0x400d4c:0: goto 0x400dc5:0; [JMP]
0x400d51:0: $U3100(0:8) = $40(0:8) + fffffffffffffff8:8; [CMP]
0x400d51:1: $Uc280(0:4) = *[3:8]$U3100(0:8); [CMP]
0x400d51:2: $U25a00(0:4) = $Uc280(0:4); [CMP]
0x400d51:3: $512(0:1) = $U25a00(0:4) < 0:4; [CMP]
0x400d51:4: $523(0:1) = sborrow($U25a00(0:4), 0:4); [CMP]
0x400d51:5: $U25b00(0:4) = $U25a00(0:4) - 0:4; [CMP]
0x400d51:6: $519(0:1) = $U25b00(0:4) s< 0:4; [CMP]
0x400d51:7: $518(0:1) = $U25b00(0:4) == 0:4; [CMP]
0x400d51:8: $U13480(0:4) = $U25b00(0:4) & ff:4; [CMP]
0x400d51:9: $U13500(0:1) = popcount($U13480(0:4)); [CMP]
0x400d51:10: $U13580(0:1) = $U13500(0:1) & 1:1; [CMP]
0x400d51:11: $514(0:1) = $U13580(0:1) == 0:1; [CMP]
0x400d55:0: $Ucc00(0:1) = !$518(0:1); [JNZ]
0x400d55:1: if $Ucc00(0:1) goto 0x400d8b:0; [JNZ]
0x400d5b:0: $56(0:8) = 1:8; [MOV]
0x400d60:0: $48(0:8) = 400f8c:8; [MOV]
0x400d6a:0: $0(0:8) = 21:8; [MOV]
0x400d6f:0: $16(0:4) = $0(0:4); [MOV]
0x400d6f:1: $16(0:8) = zext($16(0:4)); [MOV]
0x400d71:0: $32(0:8) = $32(0:8) - 8:8; [CALL]
0x400d71:1: *[3:8]$32(0:8) = 400d76:8; [CALL]
0x400d71:2: goto 0x400550:0; [CALL]
0x400d76:0: $U25a00(0:4) = $0(0:4); [CMP]
0x400d76:1: $512(0:1) = $U25a00(0:4) < 0:4; [CMP]
0x400d76:2: $523(0:1) = sborrow($U25a00(0:4), 0:4); [CMP]
0x400d76:3: $U25b00(0:4) = $U25a00(0:4) - 0:4; [CMP]
0x400d76:4: $519(0:1) = $U25b00(0:4) s< 0:4; [CMP]
0x400d76:5: $518(0:1) = $U25b00(0:4) == 0:4; [CMP]
0x400d76:6: $U13480(0:4) = $U25b00(0:4) & ff:4; [CMP]
0x400d76:7: $U13500(0:1) = popcount($U13480(0:4)); [CMP]
0x400d76:8: $U13580(0:1) = $U13500(0:1) & 1:1; [CMP]
0x400d76:9: $514(0:1) = $U13580(0:1) == 0:1; [CMP]
0x400d79:0: if $518(0:1) goto 0x400d86:0; [JZ]
0x400d7f:0: $512(0:1) = 0:1; [XOR]
0x400d7f:1: $523(0:1) = 0:1; [XOR]
0x400d7f:2: $56(0:4) = $56(0:4) ^ $56(0:4); [XOR]
0x400d7f:3: $56(0:8) = zext($56(0:4)); [XOR]
0x400d7f:4: $519(0:1) = $56(0:4) s< 0:4; [XOR]
0x400d7f:5: $518(0:1) = $56(0:4) == 0:4; [XOR]
0x400d7f:6: $U13480(0:4) = $56(0:4) & ff:4; [XOR]
0x400d7f:7: $U13500(0:1) = popcount($U13480(0:4)); [XOR]
0x400d7f:8: $U13580(0:1) = $U13500(0:1) & 1:1; [XOR]
0x400d7f:9: $514(0:1) = $U13580(0:1) == 0:1; [XOR]
0x400d81:0: $32(0:8) = $32(0:8) - 8:8; [CALL]
0x400d81:1: *[3:8]$32(0:8) = 400d86:8; [CALL]
0x400d81:2: goto 0x400540:0; [CALL]
0x400d86:0: goto 0x400dbb:0; [JMP]
0x400d8b:0: $56(0:8) = 1:8; [MOV]
0x400d90:0: $48(0:8) = 400fae:8; [MOV]
0x400d9a:0: $0(0:8) = 1d:8; [MOV]
0x400d9f:0: $16(0:4) = $0(0:4); [MOV]
0x400d9f:1: $16(0:8) = zext($16(0:4)); [MOV]
0x400da1:0: $32(0:8) = $32(0:8) - 8:8; [CALL]
0x400da1:1: *[3:8]$32(0:8) = 400da6:8; [CALL]
0x400da1:2: goto 0x400550:0; [CALL]
0x400da6:0: $U25a00(0:4) = $0(0:4); [CMP]
0x400da6:1: $512(0:1) = $U25a00(0:4) < 0:4; [CMP]
0x400da6:2: $523(0:1) = sborrow($U25a00(0:4), 0:4); [CMP]
0x400da6:3: $U25b00(0:4) = $U25a00(0:4) - 0:4; [CMP]
0x400da6:4: $519(0:1) = $U25b00(0:4) s< 0:4; [CMP]
0x400da6:5: $518(0:1) = $U25b00(0:4) == 0:4; [CMP]
0x400da6:6: $U13480(0:4) = $U25b00(0:4) & ff:4; [CMP]
0x400da6:7: $U13500(0:1) = popcount($U13480(0:4)); [CMP]
0x400da6:8: $U13580(0:1) = $U13500(0:1) & 1:1; [CMP]
0x400da6:9: $514(0:1) = $U13580(0:1) == 0:1; [CMP]
0x400da9:0: if $518(0:1) goto 0x400db6:0; [JZ]
0x400daf:0: $512(0:1) = 0:1; [XOR]
0x400daf:1: $523(0:1) = 0:1; [XOR]
0x400daf:2: $56(0:4) = $56(0:4) ^ $56(0:4); [XOR]
0x400daf:3: $56(0:8) = zext($56(0:4)); [XOR]
0x400daf:4: $519(0:1) = $56(0:4) s< 0:4; [XOR]
0x400daf:5: $518(0:1) = $56(0:4) == 0:4; [XOR]
0x400daf:6: $U13480(0:4) = $56(0:4) & ff:4; [XOR]
0x400daf:7: $U13500(0:1) = popcount($U13480(0:4)); [XOR]
0x400daf:8: $U13580(0:1) = $U13500(0:1) & 1:1; [XOR]
0x400daf:9: $514(0:1) = $U13580(0:1) == 0:1; [XOR]
0x400db1:0: $32(0:8) = $32(0:8) - 8:8; [CALL]
0x400db1:1: *[3:8]$32(0:8) = 400db6:8; [CALL]
0x400db1:2: goto 0x400540:0; [CALL]
0x400db6:0: goto 0x400dbb:0; [JMP]
0x400dbb:0: goto 0x400dc0:0; [JMP]
0x400dc0:0: goto 0x400d0f:0; [JMP]
0x400dc5:0: $512(0:1) = 0:1; [XOR]
0x400dc5:1: $523(0:1) = 0:1; [XOR]
0x400dc5:2: $0(0:4) = $0(0:4) ^ $0(0:4); [XOR]
0x400dc5:3: $0(0:8) = zext($0(0:4)); [XOR]
0x400dc5:4: $519(0:1) = $0(0:4) s< 0:4; [XOR]
0x400dc5:5: $518(0:1) = $0(0:4) == 0:4; [XOR]
0x400dc5:6: $U13480(0:4) = $0(0:4) & ff:4; [XOR]
0x400dc5:7: $U13500(0:1) = popcount($U13480(0:4)); [XOR]
0x400dc5:8: $U13580(0:1) = $U13500(0:1) & 1:1; [XOR]
0x400dc5:9: $514(0:1) = $U13580(0:1) == 0:1; [XOR]
0x400dc7:0: $512(0:1) = carry($32(0:8), 10:8); [ADD]
0x400dc7:1: $523(0:1) = scarry($32(0:8), 10:8); [ADD]
0x400dc7:2: $32(0:8) = $32(0:8) + 10:8; [ADD]
0x400dc7:3: $519(0:1) = $32(0:8) s< 0:8; [ADD]
0x400dc7:4: $518(0:1) = $32(0:8) == 0:8; [ADD]
0x400dc7:5: $U13480(0:8) = $32(0:8) & ff:8; [ADD]
0x400dc7:6: $U13500(0:1) = popcount($U13480(0:8)); [ADD]
0x400dc7:7: $U13580(0:1) = $U13500(0:1) & 1:1; [ADD]
0x400dc7:8: $514(0:1) = $U13580(0:1) == 0:1; [ADD]
0x400dcb:0: $U3c380(0:8) = 0:8; [POP]
0x400dcb:1: $U3c380(0:8) = *[3:8]$32(0:8); [POP]
0x400dcb:2: $32(0:8) = $32(0:8) + 8:8; [POP]
0x400dcb:3: $40(0:8) = $U3c380(0:8); [POP]
0x400dcc:0: $648(0:8) = *[3:8]$32(0:8); [RET]
0x400dcc:1: $32(0:8) = $32(0:8) + 8:8; [RET]
0x400dcc:2: goto *$648(0:8); [RET]
